[INFO] Scanning for projects...
[INFO] 
[INFO] ----------------< com.chiespietro:ex4-lancheriaddd-v1 >-----------------
[INFO] Building ex4-lancheriaddd-v1 0.0.1-SNAPSHOT
[INFO]   from pom.xml
[INFO] --------------------------------[ jar ]---------------------------------
[INFO] 
[INFO] --- resources:3.3.1:resources (default-resources) @ ex4-lancheriaddd-v1 ---
[INFO] Copying 1 resource from src/main/resources to target/classes
[INFO] Copying 3 resources from src/main/resources to target/classes
[INFO] 
[INFO] --- compiler:3.14.0:compile (default-compile) @ ex4-lancheriaddd-v1 ---
[INFO] Recompiling the module because of changed source code.
[INFO] Compiling 36 source files with javac [debug parameters release 21] to target/classes
[INFO] -------------------------------------------------------------
[ERROR] COMPILATION ERROR : 
[INFO] -------------------------------------------------------------
[ERROR] /workspaces/FDSfinalworks-2/src/main/java/com/chiespietro/ex4_lancheriaddd_v1/Adaptadores/Dados/CardapioRepositoryJDBC.java:[17,8] interface CardapioRepositoryJBDC is public, should be declared in a file named CardapioRepositoryJBDC.java
[INFO] 1 error
[INFO] -------------------------------------------------------------
[INFO] ------------------------------------------------------------------------
[INFO] BUILD FAILURE
[INFO] ------------------------------------------------------------------------
[INFO] Total time:  3.003 s
[INFO] Finished at: 2025-11-19T14:15:19Z
[INFO] ------------------------------------------------------------------------
[ERROR] Failed to execute goal org.apache.maven.plugins:maven-compiler-plugin:3.14.0:compile (default-compile) on project ex4-lancheriaddd-v1: Compilation failure
[ERROR] /workspaces/FDSfinalworks-2/src/main/java/com/chiespietro/ex4_lancheriaddd_v1/Adaptadores/Dados/CardapioRepositoryJDBC.java:[17,8] interface CardapioRepositoryJBDC is public, should be declared in a file named CardapioRepositoryJBDC.java
[ERROR] -> [Help 1]
[ERROR] 
[ERROR] To see the full stack trace of the errors, re-run Maven with the -e switch.
[ERROR] Re-run Maven using the -X switch to enable full debug logging.
[ERROR] 
[ERROR] For more information about the errors and possible solutions, please read the following articles:
[ERROR] [Help 1] http://cwiki.apache.org/confluence/display/MAVEN/MojoFailureException
